// Jest Snapshot v1, https://goo.gl/fbAQLP

exports[`Header Component should render correctly 1`] = `
<styled.header>
  <styled.div>
    <styled.h1>
      <Link
        replace={false}
        to="/dashboard"
      >
        Expensify
      </Link>
    </styled.h1>
    <styled.button>
      Logout
    </styled.button>
  </styled.div>
</styled.header>
`;
