// Jest Snapshot v1, https://goo.gl/fbAQLP

exports[`NotFoundPage Component should render correctly 1`] = `
<h1>
  404 - 
  <Link
    replace={false}
    to="/"
  >
    Go Home
  </Link>
</h1>
`;
